<?xml version="1.0" encoding="UTF-8"?>
<TestRun id="2b078b15-7617-4413-b964-b221116caebf" name="nickh@CHANGE-L0231 2009-07-29 22:19:21" runUser="CHANGE\nickh" xmlns="http://microsoft.com/schemas/VisualStudio/TeamTest/2006">
  <TestRunConfiguration name="Default Run Configuration" id="6a7754e9-8960-4b66-b5e2-27024d70fafa">
    <Deployment runDeploymentRoot="C:\Projects\Silverfly\src\TestResults\nickh_CHANGE-L0231 2009-07-29 22_19_21">
      <DeploymentItem filename="C:\Projects\Silverfly\src\Silverfly\bin\Debug\Silverfly.dll" />
    </Deployment>
    <Hosts skipUnhostableTests="false" />
    <TestTypeSpecific />
  </TestRunConfiguration>
  <ResultSummary outcome="Completed">
    <Counters total="4" executed="4" passed="4" error="0" failed="0" timeout="0" aborted="0" inconclusive="0" passedButRunAborted="0" notRunnable="0" notExecuted="0" disconnected="0" warning="0" completed="0" inProgress="0" pending="0" />
  </ResultSummary>
  <Times creation="2009-07-29T22:19:21.0740146+08:00" queuing="2009-07-29T22:19:23.6610146+08:00" start="2009-07-29T22:19:23.8470146+08:00" finish="2009-07-29T22:19:24.6440146+08:00" />
  <TestDefinitions>
    <UnitTest name="CanPublishSubscribe" storage="c:\projects\silverfly\src\silverfly.test\bin\debug\clout.test.dll" id="18f0160e-a4c9-5bb4-3f56-d02a8f4827b0">
      <Css projectStructure="" iteration="" />
      <Owners>
        <Owner name="" />
      </Owners>
      <Execution id="96ad3ead-35c2-4e76-be5b-a0ede541985b" />
      <TestMethod codeBase="C:\Projects\Silverfly\src\Silverfly.Test\bin\Debug\Clout.Test.dll" adapterTypeName="Microsoft.VisualStudio.TestTools.TestTypes.Unit.UnitTestAdapter, Microsoft.VisualStudio.QualityTools.Tips.UnitTest.Adapter, Version=9.0.0.0, Culture=neutral, PublicKeyToken=b03f5f7f11d50a3a" className="Silverfly.BusTest, Clout.Test" name="CanPublishSubscribe" />
    </UnitTest>
    <UnitTest name="CanUnsubscibe" storage="c:\projects\silverfly\src\silverfly.test\bin\debug\clout.test.dll" id="56de97aa-fb39-ceb4-5234-bd333f41e1c2">
      <Css projectStructure="" iteration="" />
      <Owners>
        <Owner name="" />
      </Owners>
      <Execution id="f9e3356f-aa4f-4212-b1a2-061b129273ac" />
      <TestMethod codeBase="C:\Projects\Silverfly\src\Silverfly.Test\bin\Debug\Clout.Test.dll" adapterTypeName="Microsoft.VisualStudio.TestTools.TestTypes.Unit.UnitTestAdapter, Microsoft.VisualStudio.QualityTools.Tips.UnitTest.Adapter, Version=9.0.0.0, Culture=neutral, PublicKeyToken=b03f5f7f11d50a3a" className="Silverfly.BusTest, Clout.Test" name="CanUnsubscibe" />
    </UnitTest>
    <UnitTest name="CannotUnsubscribeFromWithinPublish" storage="c:\projects\silverfly\src\silverfly.test\bin\debug\clout.test.dll" id="2200d1d8-6063-f25a-186d-517d7a457bea">
      <Css projectStructure="" iteration="" />
      <Owners>
        <Owner name="" />
      </Owners>
      <Execution id="c5ab43dc-5adf-4143-be5e-3cc0abd44912" />
      <TestMethod codeBase="C:\Projects\Silverfly\src\Silverfly.Test\bin\Debug\Clout.Test.dll" adapterTypeName="Microsoft.VisualStudio.TestTools.TestTypes.Unit.UnitTestAdapter, Microsoft.VisualStudio.QualityTools.Tips.UnitTest.Adapter, Version=9.0.0.0, Culture=neutral, PublicKeyToken=b03f5f7f11d50a3a" className="Silverfly.BusTest, Clout.Test" name="CannotUnsubscribeFromWithinPublish" />
    </UnitTest>
    <UnitTest name="CannotSubscribeFromWithinPublish" storage="c:\projects\silverfly\src\silverfly.test\bin\debug\clout.test.dll" id="53f8d990-be2e-f99c-eda1-c6710975f88e">
      <Css projectStructure="" iteration="" />
      <Owners>
        <Owner name="" />
      </Owners>
      <Execution id="9dbae216-0570-4e6f-8b33-9ec1d17d8409" />
      <TestMethod codeBase="C:\Projects\Silverfly\src\Silverfly.Test\bin\Debug\Clout.Test.dll" adapterTypeName="Microsoft.VisualStudio.TestTools.TestTypes.Unit.UnitTestAdapter, Microsoft.VisualStudio.QualityTools.Tips.UnitTest.Adapter, Version=9.0.0.0, Culture=neutral, PublicKeyToken=b03f5f7f11d50a3a" className="Silverfly.BusTest, Clout.Test" name="CannotSubscribeFromWithinPublish" />
    </UnitTest>
  </TestDefinitions>
  <TestLists>
    <TestList name="Results Not in a List" id="8c84fa94-04c1-424b-9868-57a2d4851a1d" />
    <TestList name="All Loaded Results" id="19431567-8539-422a-85d7-44ee4e166bda" />
  </TestLists>
  <TestEntries>
    <TestEntry testId="18f0160e-a4c9-5bb4-3f56-d02a8f4827b0" executionId="96ad3ead-35c2-4e76-be5b-a0ede541985b" testListId="8c84fa94-04c1-424b-9868-57a2d4851a1d" />
    <TestEntry testId="2200d1d8-6063-f25a-186d-517d7a457bea" executionId="c5ab43dc-5adf-4143-be5e-3cc0abd44912" testListId="8c84fa94-04c1-424b-9868-57a2d4851a1d" />
    <TestEntry testId="53f8d990-be2e-f99c-eda1-c6710975f88e" executionId="9dbae216-0570-4e6f-8b33-9ec1d17d8409" testListId="8c84fa94-04c1-424b-9868-57a2d4851a1d" />
    <TestEntry testId="56de97aa-fb39-ceb4-5234-bd333f41e1c2" executionId="f9e3356f-aa4f-4212-b1a2-061b129273ac" testListId="8c84fa94-04c1-424b-9868-57a2d4851a1d" />
  </TestEntries>
  <Results>
    <UnitTestResult executionId="96ad3ead-35c2-4e76-be5b-a0ede541985b" testId="18f0160e-a4c9-5bb4-3f56-d02a8f4827b0" testName="CanPublishSubscribe" computerName="CHANGE-L0231" duration="00:00:00.0334690" startTime="2009-07-29T22:19:23.9210146+08:00" endTime="2009-07-29T22:19:24.5210146+08:00" testType="13cdc9d9-ddb5-4fa4-a97d-d965ccfc6d4b" outcome="Passed" testListId="8c84fa94-04c1-424b-9868-57a2d4851a1d">
      <Output>
        <StdOut>Dog
Cat</StdOut>
      </Output>
    </UnitTestResult>
    <UnitTestResult executionId="c5ab43dc-5adf-4143-be5e-3cc0abd44912" testId="2200d1d8-6063-f25a-186d-517d7a457bea" testName="CannotUnsubscribeFromWithinPublish" computerName="CHANGE-L0231" duration="00:00:00.0097471" startTime="2009-07-29T22:19:24.5350146+08:00" endTime="2009-07-29T22:19:24.5470146+08:00" testType="13cdc9d9-ddb5-4fa4-a97d-d965ccfc6d4b" outcome="Passed" testListId="8c84fa94-04c1-424b-9868-57a2d4851a1d">
      <Output>
        <StdOut>Dog</StdOut>
      </Output>
    </UnitTestResult>
    <UnitTestResult executionId="9dbae216-0570-4e6f-8b33-9ec1d17d8409" testId="53f8d990-be2e-f99c-eda1-c6710975f88e" testName="CannotSubscribeFromWithinPublish" computerName="CHANGE-L0231" duration="00:00:00.0013578" startTime="2009-07-29T22:19:24.5470146+08:00" endTime="2009-07-29T22:19:24.5520146+08:00" testType="13cdc9d9-ddb5-4fa4-a97d-d965ccfc6d4b" outcome="Passed" testListId="8c84fa94-04c1-424b-9868-57a2d4851a1d">
      <Output>
        <StdOut>Dog</StdOut>
      </Output>
    </UnitTestResult>
    <UnitTestResult executionId="f9e3356f-aa4f-4212-b1a2-061b129273ac" testId="56de97aa-fb39-ceb4-5234-bd333f41e1c2" testName="CanUnsubscibe" computerName="CHANGE-L0231" duration="00:00:00.0014804" startTime="2009-07-29T22:19:24.5530146+08:00" endTime="2009-07-29T22:19:24.5570146+08:00" testType="13cdc9d9-ddb5-4fa4-a97d-d965ccfc6d4b" outcome="Passed" testListId="8c84fa94-04c1-424b-9868-57a2d4851a1d">
      <Output>
      </Output>
    </UnitTestResult>
  </Results>
</TestRun>