<?xml version="1.0" encoding="UTF-8"?>
<TestRun id="4a13c984-3ff6-443f-bac9-08861e545043" name="nickh@CHANGE-L0231 2009-07-28 22:36:10" runUser="CHANGE\nickh" xmlns="http://microsoft.com/schemas/VisualStudio/TeamTest/2006">
  <TestRunConfiguration name="Local Test Run" id="990d52ff-4ff7-43d3-ad1d-c0cb25c2b396">
    <Description>This is a default test run configuration for a local test run.</Description>
    <Deployment runDeploymentRoot="C:\Projects\Paddle\src\TestResults\nickh_CHANGE-L0231 2009-07-28 22_36_10">
      <DeploymentItem filename="C:\Projects\Paddle\src\Paddle\bin\Debug\Paddle.dll" />
    </Deployment>
    <TestTypeSpecific />
  </TestRunConfiguration>
  <ResultSummary outcome="Failed">
    <Counters total="1" executed="1" error="0" failed="1" timeout="0" aborted="0" inconclusive="0" passedButRunAborted="0" notRunnable="0" notExecuted="0" disconnected="0" warning="0" passed="0" completed="0" inProgress="0" pending="0" />
  </ResultSummary>
  <Times creation="2009-07-28T22:36:10.7040000+08:00" queuing="2009-07-28T22:37:08.0170000+08:00" start="2009-07-28T22:37:08.2230000+08:00" finish="2009-07-28T22:37:43.4410000+08:00" />
  <TestDefinitions>
    <UnitTest name="CanPublishSubscribe" storage="c:\projects\paddle\paddle.test\bin\debug\paddle.test.dll" id="bc1a2ae7-5d58-4235-5dc3-8d7b7e36fb80">
      <Css projectStructure="" iteration="" />
      <Owners>
        <Owner name="" />
      </Owners>
      <Execution id="7213571c-8e0c-4a93-8ea8-00b6ddda2519" />
      <TestMethod codeBase="C:\Projects\Paddle\Paddle.Test\bin\Debug\Paddle.Test.dll" adapterTypeName="Microsoft.VisualStudio.TestTools.TestTypes.Unit.UnitTestAdapter, Microsoft.VisualStudio.QualityTools.Tips.UnitTest.Adapter, Version=9.0.0.0, Culture=neutral, PublicKeyToken=b03f5f7f11d50a3a" className="Paddle.BusTest, Paddle.Test" name="CanPublishSubscribe" />
    </UnitTest>
  </TestDefinitions>
  <TestLists>
    <TestList name="Results Not in a List" id="8c84fa94-04c1-424b-9868-57a2d4851a1d" />
    <TestList name="All Loaded Results" id="19431567-8539-422a-85d7-44ee4e166bda" />
  </TestLists>
  <TestEntries>
    <TestEntry testId="bc1a2ae7-5d58-4235-5dc3-8d7b7e36fb80" executionId="7213571c-8e0c-4a93-8ea8-00b6ddda2519" testListId="8c84fa94-04c1-424b-9868-57a2d4851a1d" />
  </TestEntries>
  <Results>
    <UnitTestResult executionId="7213571c-8e0c-4a93-8ea8-00b6ddda2519" testId="bc1a2ae7-5d58-4235-5dc3-8d7b7e36fb80" testName="CanPublishSubscribe" computerName="CHANGE-L0231" duration="00:00:34.1215441" startTime="2009-07-28T22:37:08.3740000+08:00" endTime="2009-07-28T22:37:43.3200000+08:00" testType="13cdc9d9-ddb5-4fa4-a97d-d965ccfc6d4b" outcome="Failed" testListId="8c84fa94-04c1-424b-9868-57a2d4851a1d">
      <Output>
        <StdOut>Dog
Cat</StdOut>
        <ErrorInfo>
          <Message>Assert.IsTrue failed. Dog should have been received.</Message>
          <StackTrace>   at Paddle.BusTest.CanPublishSubscribe() in C:\Projects\Paddle\Paddle.Test\BusTest.cs:line 46
</StackTrace>
        </ErrorInfo>
      </Output>
    </UnitTestResult>
  </Results>
</TestRun>